[2025-08-03 17:20:27] /116.147.11.22:64871 - {"header":{"msgId":0.1968475799829632,"msgType":"request","subType":"upload"},"device":{"gatewaySn":"MA250201"},"payload":{"dataType":"compactness","dataList":[{"data":[2874,3174,3042,3127],"channelState":[1,1,1,1],"time":1743263941000},{"data":[2872,3174,3038,3125],"channelState":[1,1,1,1],"time":1743263943000},{"data":[2883,3187,3047,3139],"channelState":[1,1,1,1],"time":1743263945000},{"data":[2878,3178,3041,3127],"channelState":[1,1,1,1],"time":1743263947000},{"data":[2878,317 
[2025-08-03 17:20:28] /116.147.11.22:64871 - 9,3040,3126],"channelState":[1,1,1,1],"time":1743263949000},{"data":[2881,3180,3041,3126],"channelState":[1,1,1,1],"time":1743263951000},{"data":[2882,3181,3039,3130],"channelState":[1,1,1,1],"time":1743263953000},{"data":[2882,3182,3041,3130],"channelState":[1,1,1,1],"time":1743263955000},{"data":[2877,3183,3040,3129],"channelState":[1,1,1,1],"time":1743263957000},{"data":[2876,3183,3041,3129],"channelState":[1,1,1,1],"time":1743263959000}],"sn":"CF250203","bat":81}} 
